[debug] [2026-04-03T08:34:22.284Z] ----------------------------------------------------------------------
[debug] [2026-04-03T08:34:22.285Z] Command:       /opt/homebrew/Cellar/node/25.8.2/bin/node /Users/abhi_/.npm-global/bin/firebase init
[debug] [2026-04-03T08:34:22.286Z] CLI Version:   15.13.0
[debug] [2026-04-03T08:34:22.286Z] Platform:      darwin
[debug] [2026-04-03T08:34:22.286Z] Node Version:  v25.8.2
[debug] [2026-04-03T08:34:22.286Z] Time:          Fri Apr 03 2026 10:34:22 GMT+0200 (Central European Summer Time)
[debug] [2026-04-03T08:34:22.286Z] ----------------------------------------------------------------------
[debug] 
[info] 
     ######## #### ########  ######## ########     ###     ######  ########
     ##        ##  ##     ## ##       ##     ##  ##   ##  ##       ##
     ######    ##  ########  ######   ########  #########  ######  ######
     ##        ##  ##    ##  ##       ##     ## ##     ##       ## ##
     ##       #### ##     ## ######## ########  ##     ##  ######  ########

You're about to initialize a Firebase project in this directory:

  /Users/abhi_/Desktop/frontend_frameworks/safe_mode

[info] 
=== Project Setup
[info] 
[info] First, let's associate this project directory with a Firebase project.
[info] You can create multiple project aliases by running firebase use --add, 
[info] 
[debug] [2026-04-03T08:35:38.917Z] > command requires scopes: ["email","openid","https://www.googleapis.com/auth/cloudplatformprojects.readonly","https://www.googleapis.com/auth/firebase","https://www.googleapis.com/auth/cloud-platform"]
[debug] [2026-04-03T08:35:38.918Z] > authorizing via signed-in user (siddharthabhinav74@gmail.com)
[debug] [2026-04-03T08:35:38.920Z] Checked if tokens are valid: true, expires at: 1775208847514
[debug] [2026-04-03T08:35:38.920Z] Checked if tokens are valid: true, expires at: 1775208847514
[debug] [2026-04-03T08:35:38.923Z] >>> [apiv2][query] GET https://firebase.googleapis.com/v1beta1/projects pageSize=100
[debug] [2026-04-03T08:35:39.450Z] <<< [apiv2][status] GET https://firebase.googleapis.com/v1beta1/projects 200
[debug] [2026-04-03T08:35:39.451Z] <<< [apiv2][body] GET https://firebase.googleapis.com/v1beta1/projects [omitted]
[info] 
=== Dataconnect Setup
[info] i  dataconnect: ensuring required API firebasedataconnect.googleapis.com is enabled... 
[debug] [2026-04-03T08:35:53.168Z] Checked if tokens are valid: true, expires at: 1775208847514
[debug] [2026-04-03T08:35:53.168Z] Checked if tokens are valid: true, expires at: 1775208847514
[info] i  dataconnect: ensuring required API sqladmin.googleapis.com is enabled... 
[debug] [2026-04-03T08:35:53.168Z] Checked if tokens are valid: true, expires at: 1775208847514
[debug] [2026-04-03T08:35:53.168Z] Checked if tokens are valid: true, expires at: 1775208847514
[debug] [2026-04-03T08:35:53.168Z] >>> [apiv2][query] GET https://serviceusage.googleapis.com/v1/projects/safe-mode-d593d/services/firebasedataconnect.googleapis.com [none]
[debug] [2026-04-03T08:35:53.168Z] >>> [apiv2][(partial)header] GET https://serviceusage.googleapis.com/v1/projects/safe-mode-d593d/services/firebasedataconnect.googleapis.com  x-goog-user-project=safe-mode-d593d
[debug] [2026-04-03T08:35:53.169Z] >>> [apiv2][query] GET https://serviceusage.googleapis.com/v1/projects/safe-mode-d593d/services/sqladmin.googleapis.com [none]
[debug] [2026-04-03T08:35:53.169Z] >>> [apiv2][(partial)header] GET https://serviceusage.googleapis.com/v1/projects/safe-mode-d593d/services/sqladmin.googleapis.com  x-goog-user-project=safe-mode-d593d
[debug] [2026-04-03T08:35:53.949Z] <<< [apiv2][status] GET https://serviceusage.googleapis.com/v1/projects/safe-mode-d593d/services/sqladmin.googleapis.com 200
[debug] [2026-04-03T08:35:53.949Z] <<< [apiv2][body] GET https://serviceusage.googleapis.com/v1/projects/safe-mode-d593d/services/sqladmin.googleapis.com [omitted]
[warn] ⚠  dataconnect: missing required API sqladmin.googleapis.com. Enabling now... 
[debug] [2026-04-03T08:35:53.950Z] Checked if tokens are valid: true, expires at: 1775208847514
[debug] [2026-04-03T08:35:53.951Z] Checked if tokens are valid: true, expires at: 1775208847514
[debug] [2026-04-03T08:35:53.951Z] >>> [apiv2][query] POST https://serviceusage.googleapis.com/v1/projects/safe-mode-d593d/services/sqladmin.googleapis.com:enable [none]
[debug] [2026-04-03T08:35:53.951Z] >>> [apiv2][(partial)header] POST https://serviceusage.googleapis.com/v1/projects/safe-mode-d593d/services/sqladmin.googleapis.com:enable  x-goog-user-project=safe-mode-d593d
[debug] [2026-04-03T08:35:53.963Z] <<< [apiv2][status] GET https://serviceusage.googleapis.com/v1/projects/safe-mode-d593d/services/firebasedataconnect.googleapis.com 200
[debug] [2026-04-03T08:35:53.963Z] <<< [apiv2][body] GET https://serviceusage.googleapis.com/v1/projects/safe-mode-d593d/services/firebasedataconnect.googleapis.com [omitted]
[warn] ⚠  dataconnect: missing required API firebasedataconnect.googleapis.com. Enabling now... 
[debug] [2026-04-03T08:35:53.963Z] Checked if tokens are valid: true, expires at: 1775208847514
[debug] [2026-04-03T08:35:53.964Z] Checked if tokens are valid: true, expires at: 1775208847514
[debug] [2026-04-03T08:35:53.964Z] >>> [apiv2][query] POST https://serviceusage.googleapis.com/v1/projects/safe-mode-d593d/services/firebasedataconnect.googleapis.com:enable [none]
[debug] [2026-04-03T08:35:53.964Z] >>> [apiv2][(partial)header] POST https://serviceusage.googleapis.com/v1/projects/safe-mode-d593d/services/firebasedataconnect.googleapis.com:enable  x-goog-user-project=safe-mode-d593d
[debug] [2026-04-03T08:35:54.577Z] <<< [apiv2][status] POST https://serviceusage.googleapis.com/v1/projects/safe-mode-d593d/services/firebasedataconnect.googleapis.com:enable 200
[debug] [2026-04-03T08:35:54.577Z] <<< [apiv2][body] POST https://serviceusage.googleapis.com/v1/projects/safe-mode-d593d/services/firebasedataconnect.googleapis.com:enable [omitted]
[debug] [2026-04-03T08:35:55.028Z] <<< [apiv2][status] POST https://serviceusage.googleapis.com/v1/projects/safe-mode-d593d/services/sqladmin.googleapis.com:enable 200
[debug] [2026-04-03T08:35:55.028Z] <<< [apiv2][body] POST https://serviceusage.googleapis.com/v1/projects/safe-mode-d593d/services/sqladmin.googleapis.com:enable [omitted]
[debug] [2026-04-03T08:36:05.040Z] Checked if tokens are valid: true, expires at: 1775208847514
[debug] [2026-04-03T08:36:05.040Z] Checked if tokens are valid: true, expires at: 1775208847514
[debug] [2026-04-03T08:36:05.041Z] >>> [apiv2][query] GET https://firebasedataconnect.googleapis.com/v1/projects/safe-mode-d593d/locations/-/services [none]
[debug] [2026-04-03T08:36:06.136Z] <<< [apiv2][status] GET https://firebasedataconnect.googleapis.com/v1/projects/safe-mode-d593d/locations/-/services 200
[debug] [2026-04-03T08:36:06.136Z] <<< [apiv2][body] GET https://firebasedataconnect.googleapis.com/v1/projects/safe-mode-d593d/locations/-/services {}
[info] i  : ensuring required API cloudaicompanion.googleapis.com is enabled... 
[debug] [2026-04-03T08:38:48.251Z] Checked if tokens are valid: true, expires at: 1775208847514
[debug] [2026-04-03T08:38:48.251Z] Checked if tokens are valid: true, expires at: 1775208847514
[debug] [2026-04-03T08:38:48.251Z] >>> [apiv2][query] GET https://serviceusage.googleapis.com/v1/projects/safe-mode-d593d/services/cloudaicompanion.googleapis.com [none]
[debug] [2026-04-03T08:38:48.251Z] >>> [apiv2][(partial)header] GET https://serviceusage.googleapis.com/v1/projects/safe-mode-d593d/services/cloudaicompanion.googleapis.com  x-goog-user-project=safe-mode-d593d
[debug] [2026-04-03T08:38:49.031Z] <<< [apiv2][status] GET https://serviceusage.googleapis.com/v1/projects/safe-mode-d593d/services/cloudaicompanion.googleapis.com 200
[debug] [2026-04-03T08:38:49.032Z] <<< [apiv2][body] GET https://serviceusage.googleapis.com/v1/projects/safe-mode-d593d/services/cloudaicompanion.googleapis.com [omitted]
[info] ✔  : required API cloudaicompanion.googleapis.com is enabled 
